Current directory is /Users/elbakk_a/LibPablo/CarbonComet/libcometd/src/makehome/
GNU gdb (GDB) 7.9
Copyright (C) 2015 Free Software Foundation, Inc.
License GPLv3+: GNU GPL version 3 or later <http://gnu.org/licenses/gpl.html>
This is free software: you are free to change and redistribute it.
There is NO WARRANTY, to the extent permitted by law.  Type "show copying"
and "show warranty" for details.
This GDB was configured as "x86_64-apple-darwin14.1.0".
Type "show configuration" for configuration details.
For bug reporting instructions, please see:
<http://www.gnu.org/software/gdb/bugs/>.
Find the GDB manual and other documentation resources online at:
<http://www.gnu.org/software/gdb/documentation/>.
For help, type "help".
Type "apropos word" to search for commands related to "word"...
Reading symbols from /Users/elbakk_a/LibPablo/CarbonComet/libcometd/src/makehome/a.out...Reading symbols from /Users/elbakk_a/LibPablo/CarbonComet/libcometd/src/makehome/a.out.dSYM/Contents/Resources/DWARF/a.out...done.
done.
(gdb) b GdaPutParsingInfo
Breakpoint 1 at 0x10000666c: file ../gdaPutEntryInfo.c, line 171.
(gdb) r
Starting program: /Users/elbakk_a/LibPablo/CarbonComet/libcometd/src/makehome/a.out 
warning: Could not open OSO archive file "/BinaryCache/corecrypto/corecrypto-233.1.2~26/Symbols/BuiltProducts/libcorecrypto_static.a"
warning: `/BinaryCache/coreTLS/coreTLS-35.20.2~10/Objects/coretls.build/coretls.build/Objects-normal/x86_64/system_coretls_vers.o': can't open to read symbols: No such file or directory.
warning: Could not open OSO archive file "/BinaryCache/coreTLS/coreTLS-35.20.2~10/Symbols/BuiltProducts/libcoretls_ciphersuites.a"
warning: Could not open OSO archive file "/BinaryCache/coreTLS/coreTLS-35.20.2~10/Symbols/BuiltProducts/libcoretls_handshake.a"
warning: Could not open OSO archive file "/BinaryCache/coreTLS/coreTLS-35.20.2~10/Symbols/BuiltProducts/libcoretls_record.a"
warning: Could not open OSO archive file "/BinaryCache/coreTLS/coreTLS-35.20.2~10/Symbols/BuiltProducts/libcoretls_stream_parser.a"
warning: `/BinaryCache/cmph/cmph-1~1091/Objects/cmph.build/cmph.build/Objects-normal/x86_64/bdz.o': can't open to read symbols: No such file or directory.
warning: `/BinaryCache/cmph/cmph-1~1091/Objects/cmph.build/cmph.build/Objects-normal/x86_64/bdz_ph.o': can't open to read symbols: No such file or directory.
warning: `/BinaryCache/cmph/cmph-1~1091/Objects/cmph.build/cmph.build/Objects-normal/x86_64/bmz.o': can't open to read symbols: No such file or directory.
warning: `/BinaryCache/cmph/cmph-1~1091/Objects/cmph.build/cmph.build/Objects-normal/x86_64/bmz8.o': can't open to read symbols: No such file or directory.
warning: `/BinaryCache/cmph/cmph-1~1091/Objects/cmph.build/cmph.build/Objects-normal/x86_64/brz.o': can't open to read symbols: No such file or directory.
warning: `/BinaryCache/cmph/cmph-1~1091/Objects/cmph.build/cmph.build/Objects-normal/x86_64/buffer_entry.o': can't open to read symbols: No such file or directory.
warning: `/BinaryCache/cmph/cmph-1~1091/Objects/cmph.build/cmph.build/Objects-normal/x86_64/buffer_manager.o': can't open to read symbols: No such file or directory.
warning: `/BinaryCache/cmph/cmph-1~1091/Objects/cmph.build/cmph.build/Objects-normal/x86_64/chd.o': can't open to read symbols: No such file or directory.
warning: `/BinaryCache/cmph/cmph-1~1091/Objects/cmph.build/cmph.build/Objects-normal/x86_64/chd_ph.o': can't open to read symbols: No such file or directory.
warning: `/BinaryCache/cmph/cmph-1~1091/Objects/cmph.build/cmph.build/Objects-normal/x86_64/chm.o': can't open to read symbols: No such file or directory.
warning: `/BinaryCache/cmph/cmph-1~1091/Objects/cmph.build/cmph.build/Objects-normal/x86_64/cmph.o': can't open to read symbols: No such file or directory.
warning: `/BinaryCache/cmph/cmph-1~1091/Objects/cmph.build/cmph.build/Objects-normal/x86_64/cmph_structs.o': can't open to read symbols: No such file or directory.
warning: `/BinaryCache/cmph/cmph-1~1091/Objects/cmph.build/cmph.build/Objects-normal/x86_64/compressed_rank.o': can't open to read symbols: No such file or directory.
warning: `/BinaryCache/cmph/cmph-1~1091/Objects/cmph.build/cmph.build/Objects-normal/x86_64/compressed_seq.o': can't open to read symbols: No such file or directory.
warning: `/BinaryCache/cmph/cmph-1~1091/Objects/cmph.build/cmph.build/Objects-normal/x86_64/fch.o': can't open to read symbols: No such file or directory.
warning: `/BinaryCache/cmph/cmph-1~1091/Objects/cmph.build/cmph.build/Objects-normal/x86_64/fch_buckets.o': can't open to read symbols: No such file or directory.
warning: `/BinaryCache/cmph/cmph-1~1091/Objects/cmph.build/cmph.build/Objects-normal/x86_64/graph.o': can't open to read symbols: No such file or directory.
warning: `/BinaryCache/cmph/cmph-1~1091/Objects/cmph.build/cmph.build/Objects-normal/x86_64/hash.o': can't open to read symbols: No such file or directory.
warning: `/BinaryCache/cmph/cmph-1~1091/Objects/cmph.build/cmph.build/Objects-normal/x86_64/jenkins_hash.o': can't open to read symbols: No such file or directory.
warning: `/BinaryCache/cmph/cmph-1~1091/Objects/cmph.build/cmph.build/Objects-normal/x86_64/linear_string_map.o': can't open to read symbols: No such file or directory.
warning: `/BinaryCache/cmph/cmph-1~1091/Objects/cmph.build/cmph.build/Objects-normal/x86_64/miller_rabin.o': can't open to read symbols: No such file or directory.
warning: `/BinaryCache/cmph/cmph-1~1091/Objects/cmph.build/cmph.build/Objects-normal/x86_64/select.o': can't open to read symbols: No such file or directory.
warning: `/BinaryCache/cmph/cmph-1~1091/Objects/cmph.build/cmph.build/Objects-normal/x86_64/vqueue.o': can't open to read symbols: No such file or directory.
warning: `/BinaryCache/cmph/cmph-1~1091/Objects/cmph.build/cmph.build/Objects-normal/x86_64/vstack.o': can't open to read symbols: No such file or directory.

Breakpoint 1, GdaPutParsingInfo (message=0x10021e340) at ../gdaPutEntryInfo.c:171
171	  json_t* source = message->source;
(gdb) n
172	  GdaPut *gda = InitPutGda(gda);
(gdb) 
173	  GdaPut **Gda = &gda;
(gdb) 
174	  puts("---------------PutParsingInfo-----------------");
(gdb) 
175	  check_put_type(source, 1, Gda, key);
(gdb) 
176	  printPutGda(Gda);
(gdb) s
printPutGda (gda=0x7fff5fbfeea0) at ../gdaPutEntryInfo.c:150
150	  while ((*gda)->object)
(gdb) print gda->object->key
$1 = 0x10021e168 "channel"
(gdb) print gda->prev->key
There is no member named prev.
(gdb) print gda->object->prev->key
Cannot access memory at address 0x10
(gdb) 